┌ Case jpamb.cases.Simple.assertBoolean:(Z)V
│┌ Run .venv/bin/python3 solutions/apriori.py 'jpamb.cases.Simple.assertBoolean:(Z)V'
││┌ Stderr
││└ Stderr
││┌ Stdout
│││ *;8.1081%
│││ assertion error;48.6486%
│││ divide by zero;13.5135%
│││ null pointer;8.1081%
│││ ok;64.8649%
│││ out of bounds;10.8108%
││└ Stdout
│└ Run .venv/bin/python3 solutions/apriori.py 'jpamb.cases.Simple.assertBoolean:(Z)V'
│┌ Results
││ - *: 8.11% -5.17
││ - assertion error: 48.65% -0.03
││ - divide by zero: 13.51% -2.70
││ - null pointer: 8.11% -5.17
││ - ok: 64.86% 0.42
││ - out of bounds: 10.81% -3.63
│└ Results
│ Score 3.46
└ Case jpamb.cases.Simple.assertBoolean:(Z)V
┌ Case jpamb.cases.Simple.assertFalse:()V
│┌ Run .venv/bin/python3 solutions/apriori.py 'jpamb.cases.Simple.assertFalse:()V'
││┌ Stderr
││└ Stderr
││┌ Stdout
│││ *;8.1081%
│││ assertion error;48.6486%
│││ divide by zero;13.5135%
│││ null pointer;8.1081%
│││ ok;64.8649%
│││ out of bounds;10.8108%
││└ Stdout
│└ Run .venv/bin/python3 solutions/apriori.py 'jpamb.cases.Simple.assertFalse:()V'
│┌ Results
││ - *: 8.11% -5.17
││ - assertion error: 48.65% -0.03
││ - divide by zero: 13.51% -2.70
││ - null pointer: 8.11% -5.17
││ - ok: 64.86% 0.42
││ - out of bounds: 10.81% -3.63
│└ Results
│ Score 2.74
└ Case jpamb.cases.Simple.assertFalse:()V
┌ Case jpamb.cases.Simple.assertInteger:(I)V
│┌ Run .venv/bin/python3 solutions/apriori.py 'jpamb.cases.Simple.assertInteger:(I)V'
││┌ Stderr
││└ Stderr
││┌ Stdout
│││ *;8.1081%
│││ assertion error;48.6486%
│││ divide by zero;13.5135%
│││ null pointer;8.1081%
│││ ok;64.8649%
│││ out of bounds;10.8108%
││└ Stdout
│└ Run .venv/bin/python3 solutions/apriori.py 'jpamb.cases.Simple.assertInteger:(I)V'
│┌ Results
││ - *: 8.11% -5.17
││ - assertion error: 48.65% -0.03
││ - divide by zero: 13.51% -2.70
││ - null pointer: 8.11% -5.17
││ - ok: 64.86% 0.42
││ - out of bounds: 10.81% -3.63
│└ Results
│ Score 3.46
└ Case jpamb.cases.Simple.assertInteger:(I)V
┌ Case jpamb.cases.Simple.assertPositive:(I)V
│┌ Run .venv/bin/python3 solutions/apriori.py 'jpamb.cases.Simple.assertPositive:(I)V'
││┌ Stderr
││└ Stderr
││┌ Stdout
│││ *;8.1081%
│││ assertion error;48.6486%
│││ divide by zero;13.5135%
│││ null pointer;8.1081%
│││ ok;64.8649%
│││ out of bounds;10.8108%
││└ Stdout
│└ Run .venv/bin/python3 solutions/apriori.py 'jpamb.cases.Simple.assertPositive:(I)V'
│┌ Results
││ - *: 8.11% -5.17
││ - assertion error: 48.65% -0.03
││ - divide by zero: 13.51% -2.70
││ - null pointer: 8.11% -5.17
││ - ok: 64.86% 0.42
││ - out of bounds: 10.81% -3.63
│└ Results
│ Score 3.46
└ Case jpamb.cases.Simple.assertPositive:(I)V
┌ Case jpamb.cases.Simple.checkBeforeAssert:(I)V
│┌ Run .venv/bin/python3 solutions/apriori.py 'jpamb.cases.Simple.checkBeforeAssert:(I)V'
││┌ Stderr
││└ Stderr
││┌ Stdout
│││ *;8.1081%
│││ assertion error;48.6486%
│││ divide by zero;13.5135%
│││ null pointer;8.1081%
│││ ok;64.8649%
│││ out of bounds;10.8108%
││└ Stdout
│└ Run .venv/bin/python3 solutions/apriori.py 'jpamb.cases.Simple.checkBeforeAssert:(I)V'
│┌ Results
││ - *: 8.11% -5.17
││ - assertion error: 48.65% -0.03
││ - divide by zero: 13.51% -2.70
││ - null pointer: 8.11% -5.17
││ - ok: 64.86% 0.42
││ - out of bounds: 10.81% -3.63
│└ Results
│ Score 3.46
└ Case jpamb.cases.Simple.checkBeforeAssert:(I)V
┌ Case jpamb.cases.Simple.checkBeforeDivideByN2:(I)I
│┌ Run .venv/bin/python3 solutions/apriori.py 'jpamb.cases.Simple.checkBeforeDivideByN2:(I)I'
││┌ Stderr
││└ Stderr
││┌ Stdout
│││ *;8.1081%
│││ assertion error;48.6486%
│││ divide by zero;13.5135%
│││ null pointer;8.1081%
│││ ok;64.8649%
│││ out of bounds;10.8108%
││└ Stdout
│└ Run .venv/bin/python3 solutions/apriori.py 'jpamb.cases.Simple.checkBeforeDivideByN2:(I)I'
│┌ Results
││ - *: 8.11% -5.17
││ - assertion error: 48.65% -0.03
││ - divide by zero: 13.51% -2.70
││ - null pointer: 8.11% -5.17
││ - ok: 64.86% 0.42
││ - out of bounds: 10.81% -3.63
│└ Results
│ Score 3.51
└ Case jpamb.cases.Simple.checkBeforeDivideByN2:(I)I
┌ Case jpamb.cases.Simple.checkBeforeDivideByN:(I)I
│┌ Run .venv/bin/python3 solutions/apriori.py 'jpamb.cases.Simple.checkBeforeDivideByN:(I)I'
││┌ Stderr
││└ Stderr
││┌ Stdout
│││ *;8.1081%
│││ assertion error;48.6486%
│││ divide by zero;13.5135%
│││ null pointer;8.1081%
│││ ok;64.8649%
│││ out of bounds;10.8108%
││└ Stdout
│└ Run .venv/bin/python3 solutions/apriori.py 'jpamb.cases.Simple.checkBeforeDivideByN:(I)I'
│┌ Results
││ - *: 8.11% -5.17
││ - assertion error: 48.65% -0.03
││ - divide by zero: 13.51% -2.70
││ - null pointer: 8.11% -5.17
││ - ok: 64.86% 0.42
││ - out of bounds: 10.81% -3.63
│└ Results
│ Score 3.46
└ Case jpamb.cases.Simple.checkBeforeDivideByN:(I)I
┌ Case jpamb.cases.Simple.divideByN:(I)I
│┌ Run .venv/bin/python3 solutions/apriori.py 'jpamb.cases.Simple.divideByN:(I)I'
││┌ Stderr
││└ Stderr
││┌ Stdout
│││ *;8.1081%
│││ assertion error;48.6486%
│││ divide by zero;13.5135%
│││ null pointer;8.1081%
│││ ok;64.8649%
│││ out of bounds;10.8108%
││└ Stdout
│└ Run .venv/bin/python3 solutions/apriori.py 'jpamb.cases.Simple.divideByN:(I)I'
│┌ Results
││ - *: 8.11% -5.17
││ - assertion error: 48.65% -0.03
││ - divide by zero: 13.51% -2.70
││ - null pointer: 8.11% -5.17
││ - ok: 64.86% 0.42
││ - out of bounds: 10.81% -3.63
│└ Results
│ Score 0.08
└ Case jpamb.cases.Simple.divideByN:(I)I
┌ Case jpamb.cases.Simple.divideByNMinus10054203:(I)I
│┌ Run .venv/bin/python3 solutions/apriori.py 'jpamb.cases.Simple.divideByNMinus10054203:(I)I'
││┌ Stderr
││└ Stderr
││┌ Stdout
│││ *;8.1081%
│││ assertion error;48.6486%
│││ divide by zero;13.5135%
│││ null pointer;8.1081%
│││ ok;64.8649%
│││ out of bounds;10.8108%
││└ Stdout
│└ Run .venv/bin/python3 solutions/apriori.py 'jpamb.cases.Simple.divideByNMinus10054203:(I)I'
│┌ Results
││ - *: 8.11% -5.17
││ - assertion error: 48.65% -0.03
││ - divide by zero: 13.51% -2.70
││ - null pointer: 8.11% -5.17
││ - ok: 64.86% 0.42
││ - out of bounds: 10.81% -3.63
│└ Results
│ Score 0.08
└ Case jpamb.cases.Simple.divideByNMinus10054203:(I)I
┌ Case jpamb.cases.Simple.divideByZero:()I
│┌ Run .venv/bin/python3 solutions/apriori.py 'jpamb.cases.Simple.divideByZero:()I'
││┌ Stderr
││└ Stderr
││┌ Stdout
│││ *;8.1081%
│││ assertion error;48.6486%
│││ divide by zero;13.5135%
│││ null pointer;8.1081%
│││ ok;64.8649%
│││ out of bounds;10.8108%
││└ Stdout
│└ Run .venv/bin/python3 solutions/apriori.py 'jpamb.cases.Simple.divideByZero:()I'
│┌ Results
││ - *: 8.11% -5.17
││ - assertion error: 48.65% -0.03
││ - divide by zero: 13.51% -2.70
││ - null pointer: 8.11% -5.17
││ - ok: 64.86% 0.42
││ - out of bounds: 10.81% -3.63
│└ Results
│ Score -0.64
└ Case jpamb.cases.Simple.divideByZero:()I
┌ Case jpamb.cases.Simple.divideZeroByZero:(II)I
│┌ Run .venv/bin/python3 solutions/apriori.py 'jpamb.cases.Simple.divideZeroByZero:(II)I'
││┌ Stderr
││└ Stderr
││┌ Stdout
│││ *;8.1081%
│││ assertion error;48.6486%
│││ divide by zero;13.5135%
│││ null pointer;8.1081%
│││ ok;64.8649%
│││ out of bounds;10.8108%
││└ Stdout
│└ Run .venv/bin/python3 solutions/apriori.py 'jpamb.cases.Simple.divideZeroByZero:(II)I'
│┌ Results
││ - *: 8.11% -5.17
││ - assertion error: 48.65% -0.03
││ - divide by zero: 13.51% -2.70
││ - null pointer: 8.11% -5.17
││ - ok: 64.86% 0.42
││ - out of bounds: 10.81% -3.63
│└ Results
│ Score 0.08
└ Case jpamb.cases.Simple.divideZeroByZero:(II)I
┌ Case jpamb.cases.Simple.earlyReturn:()I
│┌ Run .venv/bin/python3 solutions/apriori.py 'jpamb.cases.Simple.earlyReturn:()I'
││┌ Stderr
││└ Stderr
││┌ Stdout
│││ *;8.1081%
│││ assertion error;48.6486%
│││ divide by zero;13.5135%
│││ null pointer;8.1081%
│││ ok;64.8649%
│││ out of bounds;10.8108%
││└ Stdout
│└ Run .venv/bin/python3 solutions/apriori.py 'jpamb.cases.Simple.earlyReturn:()I'
│┌ Results
││ - *: 8.11% -5.17
││ - assertion error: 48.65% -0.03
││ - divide by zero: 13.51% -2.70
││ - null pointer: 8.11% -5.17
││ - ok: 64.86% 0.42
││ - out of bounds: 10.81% -3.63
│└ Results
│ Score 3.51
└ Case jpamb.cases.Simple.earlyReturn:()I
┌ Case jpamb.cases.Simple.justReturn:()I
│┌ Run .venv/bin/python3 solutions/apriori.py 'jpamb.cases.Simple.justReturn:()I'
││┌ Stderr
││└ Stderr
││┌ Stdout
│││ *;8.1081%
│││ assertion error;48.6486%
│││ divide by zero;13.5135%
│││ null pointer;8.1081%
│││ ok;64.8649%
│││ out of bounds;10.8108%
││└ Stdout
│└ Run .venv/bin/python3 solutions/apriori.py 'jpamb.cases.Simple.justReturn:()I'
│┌ Results
││ - *: 8.11% -5.17
││ - assertion error: 48.65% -0.03
││ - divide by zero: 13.51% -2.70
││ - null pointer: 8.11% -5.17
││ - ok: 64.86% 0.42
││ - out of bounds: 10.81% -3.63
│└ Results
│ Score 3.51
└ Case jpamb.cases.Simple.justReturn:()I
┌ Case jpamb.cases.Simple.justReturnNothing:()V
│┌ Run .venv/bin/python3 solutions/apriori.py 'jpamb.cases.Simple.justReturnNothing:()V'
││┌ Stderr
││└ Stderr
││┌ Stdout
│││ *;8.1081%
│││ assertion error;48.6486%
│││ divide by zero;13.5135%
│││ null pointer;8.1081%
│││ ok;64.8649%
│││ out of bounds;10.8108%
││└ Stdout
│└ Run .venv/bin/python3 solutions/apriori.py 'jpamb.cases.Simple.justReturnNothing:()V'
│┌ Results
││ - *: 8.11% -5.17
││ - assertion error: 48.65% -0.03
││ - divide by zero: 13.51% -2.70
││ - null pointer: 8.11% -5.17
││ - ok: 64.86% 0.42
││ - out of bounds: 10.81% -3.63
│└ Results
│ Score 3.51
└ Case jpamb.cases.Simple.justReturnNothing:()V
┌ Case jpamb.cases.Simple.multiError:(Z)I
│┌ Run .venv/bin/python3 solutions/apriori.py 'jpamb.cases.Simple.multiError:(Z)I'
││┌ Stderr
││└ Stderr
││┌ Stdout
│││ *;8.1081%
│││ assertion error;48.6486%
│││ divide by zero;13.5135%
│││ null pointer;8.1081%
│││ ok;64.8649%
│││ out of bounds;10.8108%
││└ Stdout
│└ Run .venv/bin/python3 solutions/apriori.py 'jpamb.cases.Simple.multiError:(Z)I'
│┌ Results
││ - *: 8.11% -5.17
││ - assertion error: 48.65% -0.03
││ - divide by zero: 13.51% -2.70
││ - null pointer: 8.11% -5.17
││ - ok: 64.86% 0.42
││ - out of bounds: 10.81% -3.63
│└ Results
│ Score -0.69
└ Case jpamb.cases.Simple.multiError:(Z)I
Total 33.01
