┌ Case jpamb.cases.Simple.assertBoolean:(Z)V
│┌ Run .venv/bin/python3 solutions/cheater.py 'jpamb.cases.Simple.assertBoolean:(Z)V'
││┌ Stderr
││└ Stderr
││┌ Stdout
│││ *;0%
│││ assertion error;100%
│││ divide by zero;0%
│││ null pointer;0%
│││ ok;100%
│││ out of bounds;0%
││└ Stdout
│└ Run .venv/bin/python3 solutions/cheater.py 'jpamb.cases.Simple.assertBoolean:(Z)V'
│┌ Results
││ - *: 0.00% -inf
││ - assertion error: 0.00% inf
││ - divide by zero: 0.00% -inf
││ - null pointer: 0.00% -inf
││ - ok: 0.00% inf
││ - out of bounds: 0.00% -inf
│└ Results
│ Score 6.00
└ Case jpamb.cases.Simple.assertBoolean:(Z)V
┌ Case jpamb.cases.Simple.assertFalse:()V
│┌ Run .venv/bin/python3 solutions/cheater.py 'jpamb.cases.Simple.assertFalse:()V'
││┌ Stderr
││└ Stderr
││┌ Stdout
│││ *;0%
│││ assertion error;100%
│││ divide by zero;0%
│││ null pointer;0%
│││ ok;0%
│││ out of bounds;0%
││└ Stdout
│└ Run .venv/bin/python3 solutions/cheater.py 'jpamb.cases.Simple.assertFalse:()V'
│┌ Results
││ - *: 0.00% -inf
││ - assertion error: 0.00% inf
││ - divide by zero: 0.00% -inf
││ - null pointer: 0.00% -inf
││ - ok: 0.00% -inf
││ - out of bounds: 0.00% -inf
│└ Results
│ Score 6.00
└ Case jpamb.cases.Simple.assertFalse:()V
┌ Case jpamb.cases.Simple.assertInteger:(I)V
│┌ Run .venv/bin/python3 solutions/cheater.py 'jpamb.cases.Simple.assertInteger:(I)V'
││┌ Stderr
││└ Stderr
││┌ Stdout
│││ *;0%
│││ assertion error;100%
│││ divide by zero;0%
│││ null pointer;0%
│││ ok;100%
│││ out of bounds;0%
││└ Stdout
│└ Run .venv/bin/python3 solutions/cheater.py 'jpamb.cases.Simple.assertInteger:(I)V'
│┌ Results
││ - *: 0.00% -inf
││ - assertion error: 0.00% inf
││ - divide by zero: 0.00% -inf
││ - null pointer: 0.00% -inf
││ - ok: 0.00% inf
││ - out of bounds: 0.00% -inf
│└ Results
│ Score 6.00
└ Case jpamb.cases.Simple.assertInteger:(I)V
┌ Case jpamb.cases.Simple.assertPositive:(I)V
│┌ Run .venv/bin/python3 solutions/cheater.py 'jpamb.cases.Simple.assertPositive:(I)V'
││┌ Stderr
││└ Stderr
││┌ Stdout
│││ *;0%
│││ assertion error;100%
│││ divide by zero;0%
│││ null pointer;0%
│││ ok;100%
│││ out of bounds;0%
││└ Stdout
│└ Run .venv/bin/python3 solutions/cheater.py 'jpamb.cases.Simple.assertPositive:(I)V'
│┌ Results
││ - *: 0.00% -inf
││ - assertion error: 0.00% inf
││ - divide by zero: 0.00% -inf
││ - null pointer: 0.00% -inf
││ - ok: 0.00% inf
││ - out of bounds: 0.00% -inf
│└ Results
│ Score 6.00
└ Case jpamb.cases.Simple.assertPositive:(I)V
┌ Case jpamb.cases.Simple.checkBeforeAssert:(I)V
│┌ Run .venv/bin/python3 solutions/cheater.py 'jpamb.cases.Simple.checkBeforeAssert:(I)V'
││┌ Stderr
││└ Stderr
││┌ Stdout
│││ *;0%
│││ assertion error;100%
│││ divide by zero;0%
│││ null pointer;0%
│││ ok;100%
│││ out of bounds;0%
││└ Stdout
│└ Run .venv/bin/python3 solutions/cheater.py 'jpamb.cases.Simple.checkBeforeAssert:(I)V'
│┌ Results
││ - *: 0.00% -inf
││ - assertion error: 0.00% inf
││ - divide by zero: 0.00% -inf
││ - null pointer: 0.00% -inf
││ - ok: 0.00% inf
││ - out of bounds: 0.00% -inf
│└ Results
│ Score 6.00
└ Case jpamb.cases.Simple.checkBeforeAssert:(I)V
┌ Case jpamb.cases.Simple.checkBeforeDivideByN2:(I)I
│┌ Run .venv/bin/python3 solutions/cheater.py 'jpamb.cases.Simple.checkBeforeDivideByN2:(I)I'
││┌ Stderr
││└ Stderr
││┌ Stdout
│││ *;0%
│││ assertion error;0%
│││ divide by zero;0%
│││ null pointer;0%
│││ ok;100%
│││ out of bounds;0%
││└ Stdout
│└ Run .venv/bin/python3 solutions/cheater.py 'jpamb.cases.Simple.checkBeforeDivideByN2:(I)I'
│┌ Results
││ - *: 0.00% -inf
││ - assertion error: 0.00% -inf
││ - divide by zero: 0.00% -inf
││ - null pointer: 0.00% -inf
││ - ok: 0.00% inf
││ - out of bounds: 0.00% -inf
│└ Results
│ Score 6.00
└ Case jpamb.cases.Simple.checkBeforeDivideByN2:(I)I
┌ Case jpamb.cases.Simple.checkBeforeDivideByN:(I)I
│┌ Run .venv/bin/python3 solutions/cheater.py 'jpamb.cases.Simple.checkBeforeDivideByN:(I)I'
││┌ Stderr
││└ Stderr
││┌ Stdout
│││ *;0%
│││ assertion error;100%
│││ divide by zero;0%
│││ null pointer;0%
│││ ok;100%
│││ out of bounds;0%
││└ Stdout
│└ Run .venv/bin/python3 solutions/cheater.py 'jpamb.cases.Simple.checkBeforeDivideByN:(I)I'
│┌ Results
││ - *: 0.00% -inf
││ - assertion error: 0.00% inf
││ - divide by zero: 0.00% -inf
││ - null pointer: 0.00% -inf
││ - ok: 0.00% inf
││ - out of bounds: 0.00% -inf
│└ Results
│ Score 6.00
└ Case jpamb.cases.Simple.checkBeforeDivideByN:(I)I
┌ Case jpamb.cases.Simple.divideByN:(I)I
│┌ Run .venv/bin/python3 solutions/cheater.py 'jpamb.cases.Simple.divideByN:(I)I'
││┌ Stderr
││└ Stderr
││┌ Stdout
│││ *;0%
│││ assertion error;0%
│││ divide by zero;100%
│││ null pointer;0%
│││ ok;100%
│││ out of bounds;0%
││└ Stdout
│└ Run .venv/bin/python3 solutions/cheater.py 'jpamb.cases.Simple.divideByN:(I)I'
│┌ Results
││ - *: 0.00% -inf
││ - assertion error: 0.00% -inf
││ - divide by zero: 0.00% inf
││ - null pointer: 0.00% -inf
││ - ok: 0.00% inf
││ - out of bounds: 0.00% -inf
│└ Results
│ Score 6.00
└ Case jpamb.cases.Simple.divideByN:(I)I
┌ Case jpamb.cases.Simple.divideByNMinus10054203:(I)I
│┌ Run .venv/bin/python3 solutions/cheater.py 'jpamb.cases.Simple.divideByNMinus10054203:(I)I'
││┌ Stderr
││└ Stderr
││┌ Stdout
│││ *;0%
│││ assertion error;0%
│││ divide by zero;100%
│││ null pointer;0%
│││ ok;100%
│││ out of bounds;0%
││└ Stdout
│└ Run .venv/bin/python3 solutions/cheater.py 'jpamb.cases.Simple.divideByNMinus10054203:(I)I'
│┌ Results
││ - *: 0.00% -inf
││ - assertion error: 0.00% -inf
││ - divide by zero: 0.00% inf
││ - null pointer: 0.00% -inf
││ - ok: 0.00% inf
││ - out of bounds: 0.00% -inf
│└ Results
│ Score 6.00
└ Case jpamb.cases.Simple.divideByNMinus10054203:(I)I
┌ Case jpamb.cases.Simple.divideByZero:()I
│┌ Run .venv/bin/python3 solutions/cheater.py 'jpamb.cases.Simple.divideByZero:()I'
││┌ Stderr
││└ Stderr
││┌ Stdout
│││ *;0%
│││ assertion error;0%
│││ divide by zero;100%
│││ null pointer;0%
│││ ok;0%
│││ out of bounds;0%
││└ Stdout
│└ Run .venv/bin/python3 solutions/cheater.py 'jpamb.cases.Simple.divideByZero:()I'
│┌ Results
││ - *: 0.00% -inf
││ - assertion error: 0.00% -inf
││ - divide by zero: 0.00% inf
││ - null pointer: 0.00% -inf
││ - ok: 0.00% -inf
││ - out of bounds: 0.00% -inf
│└ Results
│ Score 6.00
└ Case jpamb.cases.Simple.divideByZero:()I
┌ Case jpamb.cases.Simple.divideZeroByZero:(II)I
│┌ Run .venv/bin/python3 solutions/cheater.py 'jpamb.cases.Simple.divideZeroByZero:(II)I'
││┌ Stderr
││└ Stderr
││┌ Stdout
│││ *;0%
│││ assertion error;0%
│││ divide by zero;100%
│││ null pointer;0%
│││ ok;100%
│││ out of bounds;0%
││└ Stdout
│└ Run .venv/bin/python3 solutions/cheater.py 'jpamb.cases.Simple.divideZeroByZero:(II)I'
│┌ Results
││ - *: 0.00% -inf
││ - assertion error: 0.00% -inf
││ - divide by zero: 0.00% inf
││ - null pointer: 0.00% -inf
││ - ok: 0.00% inf
││ - out of bounds: 0.00% -inf
│└ Results
│ Score 6.00
└ Case jpamb.cases.Simple.divideZeroByZero:(II)I
┌ Case jpamb.cases.Simple.earlyReturn:()I
│┌ Run .venv/bin/python3 solutions/cheater.py 'jpamb.cases.Simple.earlyReturn:()I'
││┌ Stderr
││└ Stderr
││┌ Stdout
│││ *;0%
│││ assertion error;0%
│││ divide by zero;0%
│││ null pointer;0%
│││ ok;100%
│││ out of bounds;0%
││└ Stdout
│└ Run .venv/bin/python3 solutions/cheater.py 'jpamb.cases.Simple.earlyReturn:()I'
│┌ Results
││ - *: 0.00% -inf
││ - assertion error: 0.00% -inf
││ - divide by zero: 0.00% -inf
││ - null pointer: 0.00% -inf
││ - ok: 0.00% inf
││ - out of bounds: 0.00% -inf
│└ Results
│ Score 6.00
└ Case jpamb.cases.Simple.earlyReturn:()I
┌ Case jpamb.cases.Simple.justReturn:()I
│┌ Run .venv/bin/python3 solutions/cheater.py 'jpamb.cases.Simple.justReturn:()I'
││┌ Stderr
││└ Stderr
││┌ Stdout
│││ *;0%
│││ assertion error;0%
│││ divide by zero;0%
│││ null pointer;0%
│││ ok;100%
│││ out of bounds;0%
││└ Stdout
│└ Run .venv/bin/python3 solutions/cheater.py 'jpamb.cases.Simple.justReturn:()I'
│┌ Results
││ - *: 0.00% -inf
││ - assertion error: 0.00% -inf
││ - divide by zero: 0.00% -inf
││ - null pointer: 0.00% -inf
││ - ok: 0.00% inf
││ - out of bounds: 0.00% -inf
│└ Results
│ Score 6.00
└ Case jpamb.cases.Simple.justReturn:()I
┌ Case jpamb.cases.Simple.justReturnNothing:()V
│┌ Run .venv/bin/python3 solutions/cheater.py 'jpamb.cases.Simple.justReturnNothing:()V'
││┌ Stderr
││└ Stderr
││┌ Stdout
│││ *;0%
│││ assertion error;0%
│││ divide by zero;0%
│││ null pointer;0%
│││ ok;100%
│││ out of bounds;0%
││└ Stdout
│└ Run .venv/bin/python3 solutions/cheater.py 'jpamb.cases.Simple.justReturnNothing:()V'
│┌ Results
││ - *: 0.00% -inf
││ - assertion error: 0.00% -inf
││ - divide by zero: 0.00% -inf
││ - null pointer: 0.00% -inf
││ - ok: 0.00% inf
││ - out of bounds: 0.00% -inf
│└ Results
│ Score 6.00
└ Case jpamb.cases.Simple.justReturnNothing:()V
┌ Case jpamb.cases.Simple.multiError:(Z)I
│┌ Run .venv/bin/python3 solutions/cheater.py 'jpamb.cases.Simple.multiError:(Z)I'
││┌ Stderr
││└ Stderr
││┌ Stdout
│││ *;0%
│││ assertion error;100%
│││ divide by zero;100%
│││ null pointer;0%
│││ ok;0%
│││ out of bounds;0%
││└ Stdout
│└ Run .venv/bin/python3 solutions/cheater.py 'jpamb.cases.Simple.multiError:(Z)I'
│┌ Results
││ - *: 0.00% -inf
││ - assertion error: 0.00% inf
││ - divide by zero: 0.00% inf
││ - null pointer: 0.00% -inf
││ - ok: 0.00% -inf
││ - out of bounds: 0.00% -inf
│└ Results
│ Score 6.00
└ Case jpamb.cases.Simple.multiError:(Z)I
Total 90.00
