┌ Case jpamb.cases.Simple.assertBoolean:(Z)V
│┌ Run .venv/bin/python3 solutions/my_analyzer.py 'jpamb.cases.Simple.assertBoolean:(Z)V'
││┌ Stderr
││└ Stderr
││┌ Stdout
│││ ok;90%
│││ divide by zero;10%
│││ assertion error;5%
│││ out of bounds;0%
│││ null pointer;0%
│││ *;0%
││└ Stdout
│└ Run .venv/bin/python3 solutions/my_analyzer.py 'jpamb.cases.Simple.assertBoolean:(Z)V'
│┌ Results
││ - *: 0.00% -inf
││ - assertion error: 5.00% -9.00
││ - divide by zero: 10.00% -4.00
││ - null pointer: 0.00% -inf
││ - ok: 90.00% 4.00
││ - out of bounds: 0.00% -inf
│└ Results
│ Score -4.40
└ Case jpamb.cases.Simple.assertBoolean:(Z)V
┌ Case jpamb.cases.Simple.assertFalse:()V
│┌ Run .venv/bin/python3 solutions/my_analyzer.py 'jpamb.cases.Simple.assertFalse:()V'
││┌ Stderr
││└ Stderr
││┌ Stdout
│││ ok;90%
│││ divide by zero;10%
│││ assertion error;5%
│││ out of bounds;0%
│││ null pointer;0%
│││ *;0%
││└ Stdout
│└ Run .venv/bin/python3 solutions/my_analyzer.py 'jpamb.cases.Simple.assertFalse:()V'
│┌ Results
││ - *: 0.00% -inf
││ - assertion error: 5.00% -9.00
││ - divide by zero: 10.00% -4.00
││ - null pointer: 0.00% -inf
││ - ok: 90.00% 4.00
││ - out of bounds: 0.00% -inf
│└ Results
│ Score -9.20
└ Case jpamb.cases.Simple.assertFalse:()V
┌ Case jpamb.cases.Simple.assertInteger:(I)V
│┌ Run .venv/bin/python3 solutions/my_analyzer.py 'jpamb.cases.Simple.assertInteger:(I)V'
││┌ Stderr
││└ Stderr
││┌ Stdout
│││ ok;90%
│││ divide by zero;10%
│││ assertion error;5%
│││ out of bounds;0%
│││ null pointer;0%
│││ *;0%
││└ Stdout
│└ Run .venv/bin/python3 solutions/my_analyzer.py 'jpamb.cases.Simple.assertInteger:(I)V'
│┌ Results
││ - *: 0.00% -inf
││ - assertion error: 5.00% -9.00
││ - divide by zero: 10.00% -4.00
││ - null pointer: 0.00% -inf
││ - ok: 90.00% 4.00
││ - out of bounds: 0.00% -inf
│└ Results
│ Score -4.40
└ Case jpamb.cases.Simple.assertInteger:(I)V
┌ Case jpamb.cases.Simple.assertPositive:(I)V
│┌ Run .venv/bin/python3 solutions/my_analyzer.py 'jpamb.cases.Simple.assertPositive:(I)V'
││┌ Stderr
││└ Stderr
││┌ Stdout
│││ ok;90%
│││ divide by zero;10%
│││ assertion error;5%
│││ out of bounds;0%
│││ null pointer;0%
│││ *;0%
││└ Stdout
│└ Run .venv/bin/python3 solutions/my_analyzer.py 'jpamb.cases.Simple.assertPositive:(I)V'
│┌ Results
││ - *: 0.00% -inf
││ - assertion error: 5.00% -9.00
││ - divide by zero: 10.00% -4.00
││ - null pointer: 0.00% -inf
││ - ok: 90.00% 4.00
││ - out of bounds: 0.00% -inf
│└ Results
│ Score -4.40
└ Case jpamb.cases.Simple.assertPositive:(I)V
┌ Case jpamb.cases.Simple.checkBeforeAssert:(I)V
│┌ Run .venv/bin/python3 solutions/my_analyzer.py 'jpamb.cases.Simple.checkBeforeAssert:(I)V'
││┌ Stderr
││└ Stderr
││┌ Stdout
│││ ok;90%
│││ divide by zero;10%
│││ assertion error;5%
│││ out of bounds;0%
│││ null pointer;0%
│││ *;0%
││└ Stdout
│└ Run .venv/bin/python3 solutions/my_analyzer.py 'jpamb.cases.Simple.checkBeforeAssert:(I)V'
│┌ Results
││ - *: 0.00% -inf
││ - assertion error: 5.00% -9.00
││ - divide by zero: 10.00% -4.00
││ - null pointer: 0.00% -inf
││ - ok: 90.00% 4.00
││ - out of bounds: 0.00% -inf
│└ Results
│ Score -4.40
└ Case jpamb.cases.Simple.checkBeforeAssert:(I)V
┌ Case jpamb.cases.Simple.checkBeforeDivideByN2:(I)I
│┌ Run .venv/bin/python3 solutions/my_analyzer.py 'jpamb.cases.Simple.checkBeforeDivideByN2:(I)I'
││┌ Stderr
││└ Stderr
││┌ Stdout
│││ ok;90%
│││ divide by zero;10%
│││ assertion error;5%
│││ out of bounds;0%
│││ null pointer;0%
│││ *;0%
││└ Stdout
│└ Run .venv/bin/python3 solutions/my_analyzer.py 'jpamb.cases.Simple.checkBeforeDivideByN2:(I)I'
│┌ Results
││ - *: 0.00% -inf
││ - assertion error: 5.00% -9.00
││ - divide by zero: 10.00% -4.00
││ - null pointer: 0.00% -inf
││ - ok: 90.00% 4.00
││ - out of bounds: 0.00% -inf
│└ Results
│ Score 5.50
└ Case jpamb.cases.Simple.checkBeforeDivideByN2:(I)I
┌ Case jpamb.cases.Simple.checkBeforeDivideByN:(I)I
│┌ Run .venv/bin/python3 solutions/my_analyzer.py 'jpamb.cases.Simple.checkBeforeDivideByN:(I)I'
││┌ Stderr
││└ Stderr
││┌ Stdout
│││ ok;90%
│││ divide by zero;10%
│││ assertion error;5%
│││ out of bounds;0%
│││ null pointer;0%
│││ *;0%
││└ Stdout
│└ Run .venv/bin/python3 solutions/my_analyzer.py 'jpamb.cases.Simple.checkBeforeDivideByN:(I)I'
│┌ Results
││ - *: 0.00% -inf
││ - assertion error: 5.00% -9.00
││ - divide by zero: 10.00% -4.00
││ - null pointer: 0.00% -inf
││ - ok: 90.00% 4.00
││ - out of bounds: 0.00% -inf
│└ Results
│ Score -4.40
└ Case jpamb.cases.Simple.checkBeforeDivideByN:(I)I
┌ Case jpamb.cases.Simple.divideByN:(I)I
│┌ Run .venv/bin/python3 solutions/my_analyzer.py 'jpamb.cases.Simple.divideByN:(I)I'
││┌ Stderr
││└ Stderr
││┌ Stdout
│││ ok;90%
│││ divide by zero;10%
│││ assertion error;5%
│││ out of bounds;0%
│││ null pointer;0%
│││ *;0%
││└ Stdout
│└ Run .venv/bin/python3 solutions/my_analyzer.py 'jpamb.cases.Simple.divideByN:(I)I'
│┌ Results
││ - *: 0.00% -inf
││ - assertion error: 5.00% -9.00
││ - divide by zero: 10.00% -4.00
││ - null pointer: 0.00% -inf
││ - ok: 90.00% 4.00
││ - out of bounds: 0.00% -inf
│└ Results
│ Score 0.70
└ Case jpamb.cases.Simple.divideByN:(I)I
┌ Case jpamb.cases.Simple.divideByNMinus10054203:(I)I
│┌ Run .venv/bin/python3 solutions/my_analyzer.py 'jpamb.cases.Simple.divideByNMinus10054203:(I)I'
││┌ Stderr
││└ Stderr
││┌ Stdout
│││ ok;90%
│││ divide by zero;10%
│││ assertion error;5%
│││ out of bounds;0%
│││ null pointer;0%
│││ *;0%
││└ Stdout
│└ Run .venv/bin/python3 solutions/my_analyzer.py 'jpamb.cases.Simple.divideByNMinus10054203:(I)I'
│┌ Results
││ - *: 0.00% -inf
││ - assertion error: 5.00% -9.00
││ - divide by zero: 10.00% -4.00
││ - null pointer: 0.00% -inf
││ - ok: 90.00% 4.00
││ - out of bounds: 0.00% -inf
│└ Results
│ Score 0.70
└ Case jpamb.cases.Simple.divideByNMinus10054203:(I)I
┌ Case jpamb.cases.Simple.divideByZero:()I
│┌ Run .venv/bin/python3 solutions/my_analyzer.py 'jpamb.cases.Simple.divideByZero:()I'
││┌ Stderr
││└ Stderr
││┌ Stdout
│││ ok;90%
│││ divide by zero;10%
│││ assertion error;5%
│││ out of bounds;0%
│││ null pointer;0%
│││ *;0%
││└ Stdout
│└ Run .venv/bin/python3 solutions/my_analyzer.py 'jpamb.cases.Simple.divideByZero:()I'
│┌ Results
││ - *: 0.00% -inf
││ - assertion error: 5.00% -9.00
││ - divide by zero: 10.00% -4.00
││ - null pointer: 0.00% -inf
││ - ok: 90.00% 4.00
││ - out of bounds: 0.00% -inf
│└ Results
│ Score -4.10
└ Case jpamb.cases.Simple.divideByZero:()I
┌ Case jpamb.cases.Simple.divideZeroByZero:(II)I
│┌ Run .venv/bin/python3 solutions/my_analyzer.py 'jpamb.cases.Simple.divideZeroByZero:(II)I'
││┌ Stderr
││└ Stderr
││┌ Stdout
│││ ok;90%
│││ divide by zero;10%
│││ assertion error;5%
│││ out of bounds;0%
│││ null pointer;0%
│││ *;0%
││└ Stdout
│└ Run .venv/bin/python3 solutions/my_analyzer.py 'jpamb.cases.Simple.divideZeroByZero:(II)I'
│┌ Results
││ - *: 0.00% -inf
││ - assertion error: 5.00% -9.00
││ - divide by zero: 10.00% -4.00
││ - null pointer: 0.00% -inf
││ - ok: 90.00% 4.00
││ - out of bounds: 0.00% -inf
│└ Results
│ Score 0.70
└ Case jpamb.cases.Simple.divideZeroByZero:(II)I
┌ Case jpamb.cases.Simple.earlyReturn:()I
│┌ Run .venv/bin/python3 solutions/my_analyzer.py 'jpamb.cases.Simple.earlyReturn:()I'
││┌ Stderr
││└ Stderr
││┌ Stdout
│││ ok;90%
│││ divide by zero;10%
│││ assertion error;5%
│││ out of bounds;0%
│││ null pointer;0%
│││ *;0%
││└ Stdout
│└ Run .venv/bin/python3 solutions/my_analyzer.py 'jpamb.cases.Simple.earlyReturn:()I'
│┌ Results
││ - *: 0.00% -inf
││ - assertion error: 5.00% -9.00
││ - divide by zero: 10.00% -4.00
││ - null pointer: 0.00% -inf
││ - ok: 90.00% 4.00
││ - out of bounds: 0.00% -inf
│└ Results
│ Score 5.50
└ Case jpamb.cases.Simple.earlyReturn:()I
┌ Case jpamb.cases.Simple.justReturn:()I
│┌ Run .venv/bin/python3 solutions/my_analyzer.py 'jpamb.cases.Simple.justReturn:()I'
││┌ Stderr
││└ Stderr
││┌ Stdout
│││ ok;90%
│││ divide by zero;10%
│││ assertion error;5%
│││ out of bounds;0%
│││ null pointer;0%
│││ *;0%
││└ Stdout
│└ Run .venv/bin/python3 solutions/my_analyzer.py 'jpamb.cases.Simple.justReturn:()I'
│┌ Results
││ - *: 0.00% -inf
││ - assertion error: 5.00% -9.00
││ - divide by zero: 10.00% -4.00
││ - null pointer: 0.00% -inf
││ - ok: 90.00% 4.00
││ - out of bounds: 0.00% -inf
│└ Results
│ Score 5.50
└ Case jpamb.cases.Simple.justReturn:()I
┌ Case jpamb.cases.Simple.justReturnNothing:()V
│┌ Run .venv/bin/python3 solutions/my_analyzer.py 'jpamb.cases.Simple.justReturnNothing:()V'
││┌ Stderr
││└ Stderr
││┌ Stdout
│││ ok;90%
│││ divide by zero;10%
│││ assertion error;5%
│││ out of bounds;0%
│││ null pointer;0%
│││ *;0%
││└ Stdout
│└ Run .venv/bin/python3 solutions/my_analyzer.py 'jpamb.cases.Simple.justReturnNothing:()V'
│┌ Results
││ - *: 0.00% -inf
││ - assertion error: 5.00% -9.00
││ - divide by zero: 10.00% -4.00
││ - null pointer: 0.00% -inf
││ - ok: 90.00% 4.00
││ - out of bounds: 0.00% -inf
│└ Results
│ Score 5.50
└ Case jpamb.cases.Simple.justReturnNothing:()V
┌ Case jpamb.cases.Simple.multiError:(Z)I
│┌ Run .venv/bin/python3 solutions/my_analyzer.py 'jpamb.cases.Simple.multiError:(Z)I'
││┌ Stderr
││└ Stderr
││┌ Stdout
│││ ok;90%
│││ divide by zero;10%
│││ assertion error;5%
│││ out of bounds;0%
│││ null pointer;0%
│││ *;0%
││└ Stdout
│└ Run .venv/bin/python3 solutions/my_analyzer.py 'jpamb.cases.Simple.multiError:(Z)I'
│┌ Results
││ - *: 0.00% -inf
││ - assertion error: 5.00% -9.00
││ - divide by zero: 10.00% -4.00
││ - null pointer: 0.00% -inf
││ - ok: 90.00% 4.00
││ - out of bounds: 0.00% -inf
│└ Results
│ Score -14.00
└ Case jpamb.cases.Simple.multiError:(Z)I
Total -25.20
