┌ Case jpamb.cases.Simple.assertBoolean:(Z)V
│┌ Run .venv/bin/python3 solutions/syntaxer.py 'jpamb.cases.Simple.assertBoolean:(Z)V'
││┌ Stderr
│││ DEBUG:root:parse sourcefile /Users/chrg/Develop/repos/jpamb/src/main/java/jpamb/cases/Simple.java
│││ DEBUG:root:Simple
│││ /Users/chrg/Develop/repos/jpamb/solutions/syntaxer.py:39: DeprecationWarning: query() is deprecated. Use the Query() constructor instead.
│││   class_q = JAVA_LANGUAGE.query(
│││ DEBUG:root:Found class <Range start_point=(4, 0), end_point=(104, 1), start_byte=48, end_byte=1987>
│││ /Users/chrg/Develop/repos/jpamb/solutions/syntaxer.py:58: DeprecationWarning: query() is deprecated. Use the Query() constructor instead.
│││   method_q = JAVA_LANGUAGE.query(
│││ DEBUG:root:ParameterType(_elements=(Boolean(),))
│││ DEBUG:root:[<Node type=formal_parameter, start_point=(13, 35), end_point=(13, 53)>]
│││ DEBUG:root:Found method assertBoolean <Range start_point=(11, 2), end_point=(15, 3), start_byte=166, end_byte=309>
│││ DEBUG:root:line: {
│││ DEBUG:root:line:     assert shouldFail;
│││ DEBUG:root:line:   }
│││ /Users/chrg/Develop/repos/jpamb/solutions/syntaxer.py:101: DeprecationWarning: query() is deprecated. Use the Query() constructor instead.
│││   assert_q = JAVA_LANGUAGE.query(f"""(assert_statement) @assert""")
│││ DEBUG:root:Found assertion
││└ Stderr
││┌ Stdout
│││ assertion error;80%
││└ Stdout
│└ Run .venv/bin/python3 solutions/syntaxer.py 'jpamb.cases.Simple.assertBoolean:(Z)V'
│┌ Results
││ - assertion error: 80.00% 1.50
│└ Results
│ Score 0.60
└ Case jpamb.cases.Simple.assertBoolean:(Z)V
┌ Case jpamb.cases.Simple.assertFalse:()V
│┌ Run .venv/bin/python3 solutions/syntaxer.py 'jpamb.cases.Simple.assertFalse:()V'
││┌ Stderr
│││ DEBUG:root:parse sourcefile /Users/chrg/Develop/repos/jpamb/src/main/java/jpamb/cases/Simple.java
│││ DEBUG:root:Simple
│││ /Users/chrg/Develop/repos/jpamb/solutions/syntaxer.py:39: DeprecationWarning: query() is deprecated. Use the Query() constructor instead.
│││   class_q = JAVA_LANGUAGE.query(
│││ DEBUG:root:Found class <Range start_point=(4, 0), end_point=(104, 1), start_byte=48, end_byte=1987>
│││ /Users/chrg/Develop/repos/jpamb/solutions/syntaxer.py:58: DeprecationWarning: query() is deprecated. Use the Query() constructor instead.
│││   method_q = JAVA_LANGUAGE.query(
│││ DEBUG:root:ParameterType(_elements=())
│││ DEBUG:root:[]
│││ DEBUG:root:Found method assertFalse <Range start_point=(6, 2), end_point=(9, 3), start_byte=73, end_byte=162>
│││ DEBUG:root:line: {
│││ DEBUG:root:line:     assert false;
│││ DEBUG:root:line:   }
│││ /Users/chrg/Develop/repos/jpamb/solutions/syntaxer.py:101: DeprecationWarning: query() is deprecated. Use the Query() constructor instead.
│││   assert_q = JAVA_LANGUAGE.query(f"""(assert_statement) @assert""")
│││ DEBUG:root:Found assertion
││└ Stderr
││┌ Stdout
│││ assertion error;80%
││└ Stdout
│└ Run .venv/bin/python3 solutions/syntaxer.py 'jpamb.cases.Simple.assertFalse:()V'
│┌ Results
││ - assertion error: 80.00% 1.50
│└ Results
│ Score 0.60
└ Case jpamb.cases.Simple.assertFalse:()V
┌ Case jpamb.cases.Simple.assertInteger:(I)V
│┌ Run .venv/bin/python3 solutions/syntaxer.py 'jpamb.cases.Simple.assertInteger:(I)V'
││┌ Stderr
│││ DEBUG:root:parse sourcefile /Users/chrg/Develop/repos/jpamb/src/main/java/jpamb/cases/Simple.java
│││ DEBUG:root:Simple
│││ /Users/chrg/Develop/repos/jpamb/solutions/syntaxer.py:39: DeprecationWarning: query() is deprecated. Use the Query() constructor instead.
│││   class_q = JAVA_LANGUAGE.query(
│││ DEBUG:root:Found class <Range start_point=(4, 0), end_point=(104, 1), start_byte=48, end_byte=1987>
│││ /Users/chrg/Develop/repos/jpamb/solutions/syntaxer.py:58: DeprecationWarning: query() is deprecated. Use the Query() constructor instead.
│││   method_q = JAVA_LANGUAGE.query(
│││ DEBUG:root:ParameterType(_elements=(Int(),))
│││ DEBUG:root:[<Node type=formal_parameter, start_point=(19, 35), end_point=(19, 40)>]
│││ DEBUG:root:Found method assertInteger <Range start_point=(17, 2), end_point=(21, 3), start_byte=313, end_byte=432>
│││ DEBUG:root:line: {
│││ DEBUG:root:line:     assert n != 0;
│││ DEBUG:root:line:   }
│││ /Users/chrg/Develop/repos/jpamb/solutions/syntaxer.py:101: DeprecationWarning: query() is deprecated. Use the Query() constructor instead.
│││   assert_q = JAVA_LANGUAGE.query(f"""(assert_statement) @assert""")
│││ DEBUG:root:Found assertion
││└ Stderr
││┌ Stdout
│││ assertion error;80%
││└ Stdout
│└ Run .venv/bin/python3 solutions/syntaxer.py 'jpamb.cases.Simple.assertInteger:(I)V'
│┌ Results
││ - assertion error: 80.00% 1.50
│└ Results
│ Score 0.60
└ Case jpamb.cases.Simple.assertInteger:(I)V
┌ Case jpamb.cases.Simple.assertPositive:(I)V
│┌ Run .venv/bin/python3 solutions/syntaxer.py 'jpamb.cases.Simple.assertPositive:(I)V'
││┌ Stderr
│││ DEBUG:root:parse sourcefile /Users/chrg/Develop/repos/jpamb/src/main/java/jpamb/cases/Simple.java
│││ DEBUG:root:Simple
│││ /Users/chrg/Develop/repos/jpamb/solutions/syntaxer.py:39: DeprecationWarning: query() is deprecated. Use the Query() constructor instead.
│││   class_q = JAVA_LANGUAGE.query(
│││ DEBUG:root:Found class <Range start_point=(4, 0), end_point=(104, 1), start_byte=48, end_byte=1987>
│││ /Users/chrg/Develop/repos/jpamb/solutions/syntaxer.py:58: DeprecationWarning: query() is deprecated. Use the Query() constructor instead.
│││   method_q = JAVA_LANGUAGE.query(
│││ DEBUG:root:ParameterType(_elements=(Int(),))
│││ DEBUG:root:[<Node type=formal_parameter, start_point=(25, 36), end_point=(25, 43)>]
│││ DEBUG:root:Found method assertPositive <Range start_point=(23, 2), end_point=(27, 3), start_byte=436, end_byte=560>
│││ DEBUG:root:line: {
│││ DEBUG:root:line:     assert num > 0;
│││ DEBUG:root:line:   }
│││ /Users/chrg/Develop/repos/jpamb/solutions/syntaxer.py:101: DeprecationWarning: query() is deprecated. Use the Query() constructor instead.
│││   assert_q = JAVA_LANGUAGE.query(f"""(assert_statement) @assert""")
│││ DEBUG:root:Found assertion
││└ Stderr
││┌ Stdout
│││ assertion error;80%
││└ Stdout
│└ Run .venv/bin/python3 solutions/syntaxer.py 'jpamb.cases.Simple.assertPositive:(I)V'
│┌ Results
││ - assertion error: 80.00% 1.50
│└ Results
│ Score 0.60
└ Case jpamb.cases.Simple.assertPositive:(I)V
┌ Case jpamb.cases.Simple.checkBeforeAssert:(I)V
│┌ Run .venv/bin/python3 solutions/syntaxer.py 'jpamb.cases.Simple.checkBeforeAssert:(I)V'
││┌ Stderr
│││ DEBUG:root:parse sourcefile /Users/chrg/Develop/repos/jpamb/src/main/java/jpamb/cases/Simple.java
│││ DEBUG:root:Simple
│││ /Users/chrg/Develop/repos/jpamb/solutions/syntaxer.py:39: DeprecationWarning: query() is deprecated. Use the Query() constructor instead.
│││   class_q = JAVA_LANGUAGE.query(
│││ DEBUG:root:Found class <Range start_point=(4, 0), end_point=(104, 1), start_byte=48, end_byte=1987>
│││ /Users/chrg/Develop/repos/jpamb/solutions/syntaxer.py:58: DeprecationWarning: query() is deprecated. Use the Query() constructor instead.
│││   method_q = JAVA_LANGUAGE.query(
│││ DEBUG:root:ParameterType(_elements=(Int(),))
│││ DEBUG:root:[<Node type=formal_parameter, start_point=(81, 39), end_point=(81, 44)>]
│││ DEBUG:root:Found method checkBeforeAssert <Range start_point=(79, 2), end_point=(86, 3), start_byte=1516, end_byte=1681>
│││ DEBUG:root:line: {
│││ DEBUG:root:line:     if (n == 0) {
│││ DEBUG:root:line:       return;
│││ DEBUG:root:line:     }
│││ DEBUG:root:line:     assert 1 / n > 0;
│││ DEBUG:root:line:   }
│││ /Users/chrg/Develop/repos/jpamb/solutions/syntaxer.py:101: DeprecationWarning: query() is deprecated. Use the Query() constructor instead.
│││   assert_q = JAVA_LANGUAGE.query(f"""(assert_statement) @assert""")
│││ DEBUG:root:Found assertion
││└ Stderr
││┌ Stdout
│││ assertion error;80%
││└ Stdout
│└ Run .venv/bin/python3 solutions/syntaxer.py 'jpamb.cases.Simple.checkBeforeAssert:(I)V'
│┌ Results
││ - assertion error: 80.00% 1.50
│└ Results
│ Score 0.60
└ Case jpamb.cases.Simple.checkBeforeAssert:(I)V
┌ Case jpamb.cases.Simple.checkBeforeDivideByN2:(I)I
│┌ Run .venv/bin/python3 solutions/syntaxer.py 'jpamb.cases.Simple.checkBeforeDivideByN2:(I)I'
││┌ Stderr
│││ DEBUG:root:parse sourcefile /Users/chrg/Develop/repos/jpamb/src/main/java/jpamb/cases/Simple.java
│││ DEBUG:root:Simple
│││ /Users/chrg/Develop/repos/jpamb/solutions/syntaxer.py:39: DeprecationWarning: query() is deprecated. Use the Query() constructor instead.
│││   class_q = JAVA_LANGUAGE.query(
│││ DEBUG:root:Found class <Range start_point=(4, 0), end_point=(104, 1), start_byte=48, end_byte=1987>
│││ /Users/chrg/Develop/repos/jpamb/solutions/syntaxer.py:58: DeprecationWarning: query() is deprecated. Use the Query() constructor instead.
│││   method_q = JAVA_LANGUAGE.query(
│││ DEBUG:root:ParameterType(_elements=(Int(),))
│││ DEBUG:root:[<Node type=formal_parameter, start_point=(71, 42), end_point=(71, 47)>]
│││ DEBUG:root:Found method checkBeforeDivideByN2 <Range start_point=(69, 2), end_point=(77, 3), start_byte=1341, end_byte=1512>
│││ DEBUG:root:line: {
│││ DEBUG:root:line:     if (n != 0) {
│││ DEBUG:root:line:       return 1 / n;
│││ DEBUG:root:line:     }
│││ DEBUG:root:line:     assert 10 > n;
│││ DEBUG:root:line:     return 0;
│││ DEBUG:root:line:   }
│││ /Users/chrg/Develop/repos/jpamb/solutions/syntaxer.py:101: DeprecationWarning: query() is deprecated. Use the Query() constructor instead.
│││   assert_q = JAVA_LANGUAGE.query(f"""(assert_statement) @assert""")
│││ DEBUG:root:Found assertion
││└ Stderr
││┌ Stdout
│││ assertion error;80%
││└ Stdout
│└ Run .venv/bin/python3 solutions/syntaxer.py 'jpamb.cases.Simple.checkBeforeDivideByN2:(I)I'
│┌ Results
││ - assertion error: 80.00% 1.50
│└ Results
│ Score -1.50
└ Case jpamb.cases.Simple.checkBeforeDivideByN2:(I)I
┌ Case jpamb.cases.Simple.checkBeforeDivideByN:(I)I
│┌ Run .venv/bin/python3 solutions/syntaxer.py 'jpamb.cases.Simple.checkBeforeDivideByN:(I)I'
││┌ Stderr
│││ DEBUG:root:parse sourcefile /Users/chrg/Develop/repos/jpamb/src/main/java/jpamb/cases/Simple.java
│││ DEBUG:root:Simple
│││ /Users/chrg/Develop/repos/jpamb/solutions/syntaxer.py:39: DeprecationWarning: query() is deprecated. Use the Query() constructor instead.
│││   class_q = JAVA_LANGUAGE.query(
│││ DEBUG:root:Found class <Range start_point=(4, 0), end_point=(104, 1), start_byte=48, end_byte=1987>
│││ /Users/chrg/Develop/repos/jpamb/solutions/syntaxer.py:58: DeprecationWarning: query() is deprecated. Use the Query() constructor instead.
│││   method_q = JAVA_LANGUAGE.query(
│││ DEBUG:root:ParameterType(_elements=(Int(),))
│││ DEBUG:root:[<Node type=formal_parameter, start_point=(64, 41), end_point=(64, 46)>]
│││ DEBUG:root:Found method checkBeforeDivideByN <Range start_point=(62, 2), end_point=(67, 3), start_byte=1194, end_byte=1337>
│││ DEBUG:root:line: {
│││ DEBUG:root:line:     assert n != 0;
│││ DEBUG:root:line:     return 1 / n;
│││ DEBUG:root:line:   }
│││ /Users/chrg/Develop/repos/jpamb/solutions/syntaxer.py:101: DeprecationWarning: query() is deprecated. Use the Query() constructor instead.
│││   assert_q = JAVA_LANGUAGE.query(f"""(assert_statement) @assert""")
│││ DEBUG:root:Found assertion
││└ Stderr
││┌ Stdout
│││ assertion error;80%
││└ Stdout
│└ Run .venv/bin/python3 solutions/syntaxer.py 'jpamb.cases.Simple.checkBeforeDivideByN:(I)I'
│┌ Results
││ - assertion error: 80.00% 1.50
│└ Results
│ Score 0.60
└ Case jpamb.cases.Simple.checkBeforeDivideByN:(I)I
┌ Case jpamb.cases.Simple.divideByN:(I)I
│┌ Run .venv/bin/python3 solutions/syntaxer.py 'jpamb.cases.Simple.divideByN:(I)I'
││┌ Stderr
│││ DEBUG:root:parse sourcefile /Users/chrg/Develop/repos/jpamb/src/main/java/jpamb/cases/Simple.java
│││ DEBUG:root:Simple
│││ /Users/chrg/Develop/repos/jpamb/solutions/syntaxer.py:39: DeprecationWarning: query() is deprecated. Use the Query() constructor instead.
│││   class_q = JAVA_LANGUAGE.query(
│││ DEBUG:root:Found class <Range start_point=(4, 0), end_point=(104, 1), start_byte=48, end_byte=1987>
│││ /Users/chrg/Develop/repos/jpamb/solutions/syntaxer.py:58: DeprecationWarning: query() is deprecated. Use the Query() constructor instead.
│││   method_q = JAVA_LANGUAGE.query(
│││ DEBUG:root:ParameterType(_elements=(Int(),))
│││ DEBUG:root:[<Node type=formal_parameter, start_point=(36, 30), end_point=(36, 35)>]
│││ DEBUG:root:Found method divideByN <Range start_point=(34, 2), end_point=(38, 3), start_byte=656, end_byte=768>
│││ DEBUG:root:line: {
│││ DEBUG:root:line:     return 1 / n;
│││ DEBUG:root:line:   }
│││ /Users/chrg/Develop/repos/jpamb/solutions/syntaxer.py:101: DeprecationWarning: query() is deprecated. Use the Query() constructor instead.
│││   assert_q = JAVA_LANGUAGE.query(f"""(assert_statement) @assert""")
│││ DEBUG:root:Did not find any assertions
││└ Stderr
││┌ Stdout
│││ assertion error;20%
││└ Stdout
│└ Run .venv/bin/python3 solutions/syntaxer.py 'jpamb.cases.Simple.divideByN:(I)I'
│┌ Results
││ - assertion error: 20.00% -1.50
│└ Results
│ Score 0.60
└ Case jpamb.cases.Simple.divideByN:(I)I
┌ Case jpamb.cases.Simple.divideByNMinus10054203:(I)I
│┌ Run .venv/bin/python3 solutions/syntaxer.py 'jpamb.cases.Simple.divideByNMinus10054203:(I)I'
││┌ Stderr
│││ DEBUG:root:parse sourcefile /Users/chrg/Develop/repos/jpamb/src/main/java/jpamb/cases/Simple.java
│││ DEBUG:root:Simple
│││ /Users/chrg/Develop/repos/jpamb/solutions/syntaxer.py:39: DeprecationWarning: query() is deprecated. Use the Query() constructor instead.
│││   class_q = JAVA_LANGUAGE.query(
│││ DEBUG:root:Found class <Range start_point=(4, 0), end_point=(104, 1), start_byte=48, end_byte=1987>
│││ /Users/chrg/Develop/repos/jpamb/solutions/syntaxer.py:58: DeprecationWarning: query() is deprecated. Use the Query() constructor instead.
│││   method_q = JAVA_LANGUAGE.query(
│││ DEBUG:root:ParameterType(_elements=(Int(),))
│││ DEBUG:root:[<Node type=formal_parameter, start_point=(100, 43), end_point=(100, 48)>]
│││ DEBUG:root:Found method divideByNMinus10054203 <Range start_point=(98, 2), end_point=(102, 3), start_byte=1839, end_byte=1984>
│││ DEBUG:root:line: {
│││ DEBUG:root:line:     return 1 / (n - 10054203);
│││ DEBUG:root:line:   }
│││ /Users/chrg/Develop/repos/jpamb/solutions/syntaxer.py:101: DeprecationWarning: query() is deprecated. Use the Query() constructor instead.
│││   assert_q = JAVA_LANGUAGE.query(f"""(assert_statement) @assert""")
│││ DEBUG:root:Did not find any assertions
││└ Stderr
││┌ Stdout
│││ assertion error;20%
││└ Stdout
│└ Run .venv/bin/python3 solutions/syntaxer.py 'jpamb.cases.Simple.divideByNMinus10054203:(I)I'
│┌ Results
││ - assertion error: 20.00% -1.50
│└ Results
│ Score 0.60
└ Case jpamb.cases.Simple.divideByNMinus10054203:(I)I
┌ Case jpamb.cases.Simple.divideByZero:()I
│┌ Run .venv/bin/python3 solutions/syntaxer.py 'jpamb.cases.Simple.divideByZero:()I'
││┌ Stderr
│││ DEBUG:root:parse sourcefile /Users/chrg/Develop/repos/jpamb/src/main/java/jpamb/cases/Simple.java
│││ DEBUG:root:Simple
│││ /Users/chrg/Develop/repos/jpamb/solutions/syntaxer.py:39: DeprecationWarning: query() is deprecated. Use the Query() constructor instead.
│││   class_q = JAVA_LANGUAGE.query(
│││ DEBUG:root:Found class <Range start_point=(4, 0), end_point=(104, 1), start_byte=48, end_byte=1987>
│││ /Users/chrg/Develop/repos/jpamb/solutions/syntaxer.py:58: DeprecationWarning: query() is deprecated. Use the Query() constructor instead.
│││   method_q = JAVA_LANGUAGE.query(
│││ DEBUG:root:ParameterType(_elements=())
│││ DEBUG:root:[]
│││ DEBUG:root:Found method divideByZero <Range start_point=(29, 2), end_point=(32, 3), start_byte=564, end_byte=652>
│││ DEBUG:root:line: {
│││ DEBUG:root:line:     return 1 / 0;
│││ DEBUG:root:line:   }
│││ /Users/chrg/Develop/repos/jpamb/solutions/syntaxer.py:101: DeprecationWarning: query() is deprecated. Use the Query() constructor instead.
│││   assert_q = JAVA_LANGUAGE.query(f"""(assert_statement) @assert""")
│││ DEBUG:root:Did not find any assertions
││└ Stderr
││┌ Stdout
│││ assertion error;20%
││└ Stdout
│└ Run .venv/bin/python3 solutions/syntaxer.py 'jpamb.cases.Simple.divideByZero:()I'
│┌ Results
││ - assertion error: 20.00% -1.50
│└ Results
│ Score 0.60
└ Case jpamb.cases.Simple.divideByZero:()I
┌ Case jpamb.cases.Simple.divideZeroByZero:(II)I
│┌ Run .venv/bin/python3 solutions/syntaxer.py 'jpamb.cases.Simple.divideZeroByZero:(II)I'
││┌ Stderr
│││ DEBUG:root:parse sourcefile /Users/chrg/Develop/repos/jpamb/src/main/java/jpamb/cases/Simple.java
│││ DEBUG:root:Simple
│││ /Users/chrg/Develop/repos/jpamb/solutions/syntaxer.py:39: DeprecationWarning: query() is deprecated. Use the Query() constructor instead.
│││   class_q = JAVA_LANGUAGE.query(
│││ DEBUG:root:Found class <Range start_point=(4, 0), end_point=(104, 1), start_byte=48, end_byte=1987>
│││ /Users/chrg/Develop/repos/jpamb/solutions/syntaxer.py:58: DeprecationWarning: query() is deprecated. Use the Query() constructor instead.
│││   method_q = JAVA_LANGUAGE.query(
│││ DEBUG:root:ParameterType(_elements=(Int(), Int()))
│││ DEBUG:root:[<Node type=formal_parameter, start_point=(42, 37), end_point=(42, 42)>, <Node type=formal_parameter, start_point=(42, 44), end_point=(42, 49)>]
│││ DEBUG:root:Found method divideZeroByZero <Range start_point=(40, 2), end_point=(44, 3), start_byte=772, end_byte=904>
│││ DEBUG:root:line: {
│││ DEBUG:root:line:     return a / b;
│││ DEBUG:root:line:   }
│││ /Users/chrg/Develop/repos/jpamb/solutions/syntaxer.py:101: DeprecationWarning: query() is deprecated. Use the Query() constructor instead.
│││   assert_q = JAVA_LANGUAGE.query(f"""(assert_statement) @assert""")
│││ DEBUG:root:Did not find any assertions
││└ Stderr
││┌ Stdout
│││ assertion error;20%
││└ Stdout
│└ Run .venv/bin/python3 solutions/syntaxer.py 'jpamb.cases.Simple.divideZeroByZero:(II)I'
│┌ Results
││ - assertion error: 20.00% -1.50
│└ Results
│ Score 0.60
└ Case jpamb.cases.Simple.divideZeroByZero:(II)I
┌ Case jpamb.cases.Simple.earlyReturn:()I
│┌ Run .venv/bin/python3 solutions/syntaxer.py 'jpamb.cases.Simple.earlyReturn:()I'
││┌ Stderr
│││ DEBUG:root:parse sourcefile /Users/chrg/Develop/repos/jpamb/src/main/java/jpamb/cases/Simple.java
│││ DEBUG:root:Simple
│││ /Users/chrg/Develop/repos/jpamb/solutions/syntaxer.py:39: DeprecationWarning: query() is deprecated. Use the Query() constructor instead.
│││   class_q = JAVA_LANGUAGE.query(
│││ DEBUG:root:Found class <Range start_point=(4, 0), end_point=(104, 1), start_byte=48, end_byte=1987>
│││ /Users/chrg/Develop/repos/jpamb/solutions/syntaxer.py:58: DeprecationWarning: query() is deprecated. Use the Query() constructor instead.
│││   method_q = JAVA_LANGUAGE.query(
│││ DEBUG:root:ParameterType(_elements=())
│││ DEBUG:root:[]
│││ DEBUG:root:Found method earlyReturn <Range start_point=(53, 2), end_point=(60, 3), start_byte=1063, end_byte=1190>
│││ DEBUG:root:line: {
│││ DEBUG:root:line:     if (true) {
│││ DEBUG:root:line:       return 0;
│││ DEBUG:root:line:     }
│││ DEBUG:root:line:     assert false;
│││ DEBUG:root:line:     return 0;
│││ DEBUG:root:line:   }
│││ /Users/chrg/Develop/repos/jpamb/solutions/syntaxer.py:101: DeprecationWarning: query() is deprecated. Use the Query() constructor instead.
│││   assert_q = JAVA_LANGUAGE.query(f"""(assert_statement) @assert""")
│││ DEBUG:root:Found assertion
││└ Stderr
││┌ Stdout
│││ assertion error;80%
││└ Stdout
│└ Run .venv/bin/python3 solutions/syntaxer.py 'jpamb.cases.Simple.earlyReturn:()I'
│┌ Results
││ - assertion error: 80.00% 1.50
│└ Results
│ Score -1.50
└ Case jpamb.cases.Simple.earlyReturn:()I
┌ Case jpamb.cases.Simple.justReturn:()I
│┌ Run .venv/bin/python3 solutions/syntaxer.py 'jpamb.cases.Simple.justReturn:()I'
││┌ Stderr
│││ DEBUG:root:parse sourcefile /Users/chrg/Develop/repos/jpamb/src/main/java/jpamb/cases/Simple.java
│││ DEBUG:root:Simple
│││ /Users/chrg/Develop/repos/jpamb/solutions/syntaxer.py:39: DeprecationWarning: query() is deprecated. Use the Query() constructor instead.
│││   class_q = JAVA_LANGUAGE.query(
│││ DEBUG:root:Found class <Range start_point=(4, 0), end_point=(104, 1), start_byte=48, end_byte=1987>
│││ /Users/chrg/Develop/repos/jpamb/solutions/syntaxer.py:58: DeprecationWarning: query() is deprecated. Use the Query() constructor instead.
│││   method_q = JAVA_LANGUAGE.query(
│││ DEBUG:root:ParameterType(_elements=())
│││ DEBUG:root:[]
│││ DEBUG:root:Found method justReturn <Range start_point=(88, 2), end_point=(91, 3), start_byte=1685, end_byte=1755>
│││ DEBUG:root:line: {
│││ DEBUG:root:line:     return 0;
│││ DEBUG:root:line:   }
│││ /Users/chrg/Develop/repos/jpamb/solutions/syntaxer.py:101: DeprecationWarning: query() is deprecated. Use the Query() constructor instead.
│││   assert_q = JAVA_LANGUAGE.query(f"""(assert_statement) @assert""")
│││ DEBUG:root:Did not find any assertions
││└ Stderr
││┌ Stdout
│││ assertion error;20%
││└ Stdout
│└ Run .venv/bin/python3 solutions/syntaxer.py 'jpamb.cases.Simple.justReturn:()I'
│┌ Results
││ - assertion error: 20.00% -1.50
│└ Results
│ Score 0.60
└ Case jpamb.cases.Simple.justReturn:()I
┌ Case jpamb.cases.Simple.justReturnNothing:()V
│┌ Run .venv/bin/python3 solutions/syntaxer.py 'jpamb.cases.Simple.justReturnNothing:()V'
││┌ Stderr
│││ DEBUG:root:parse sourcefile /Users/chrg/Develop/repos/jpamb/src/main/java/jpamb/cases/Simple.java
│││ DEBUG:root:Simple
│││ /Users/chrg/Develop/repos/jpamb/solutions/syntaxer.py:39: DeprecationWarning: query() is deprecated. Use the Query() constructor instead.
│││   class_q = JAVA_LANGUAGE.query(
│││ DEBUG:root:Found class <Range start_point=(4, 0), end_point=(104, 1), start_byte=48, end_byte=1987>
│││ /Users/chrg/Develop/repos/jpamb/solutions/syntaxer.py:58: DeprecationWarning: query() is deprecated. Use the Query() constructor instead.
│││   method_q = JAVA_LANGUAGE.query(
│││ DEBUG:root:ParameterType(_elements=())
│││ DEBUG:root:[]
│││ DEBUG:root:Found method justReturnNothing <Range start_point=(93, 2), end_point=(96, 3), start_byte=1759, end_byte=1835>
│││ DEBUG:root:line: {
│││ DEBUG:root:line:     return;
│││ DEBUG:root:line:   }
│││ /Users/chrg/Develop/repos/jpamb/solutions/syntaxer.py:101: DeprecationWarning: query() is deprecated. Use the Query() constructor instead.
│││   assert_q = JAVA_LANGUAGE.query(f"""(assert_statement) @assert""")
│││ DEBUG:root:Did not find any assertions
││└ Stderr
││┌ Stdout
│││ assertion error;20%
││└ Stdout
│└ Run .venv/bin/python3 solutions/syntaxer.py 'jpamb.cases.Simple.justReturnNothing:()V'
│┌ Results
││ - assertion error: 20.00% -1.50
│└ Results
│ Score 0.60
└ Case jpamb.cases.Simple.justReturnNothing:()V
┌ Case jpamb.cases.Simple.multiError:(Z)I
│┌ Run .venv/bin/python3 solutions/syntaxer.py 'jpamb.cases.Simple.multiError:(Z)I'
││┌ Stderr
│││ DEBUG:root:parse sourcefile /Users/chrg/Develop/repos/jpamb/src/main/java/jpamb/cases/Simple.java
│││ DEBUG:root:Simple
│││ /Users/chrg/Develop/repos/jpamb/solutions/syntaxer.py:39: DeprecationWarning: query() is deprecated. Use the Query() constructor instead.
│││   class_q = JAVA_LANGUAGE.query(
│││ DEBUG:root:Found class <Range start_point=(4, 0), end_point=(104, 1), start_byte=48, end_byte=1987>
│││ /Users/chrg/Develop/repos/jpamb/solutions/syntaxer.py:58: DeprecationWarning: query() is deprecated. Use the Query() constructor instead.
│││   method_q = JAVA_LANGUAGE.query(
│││ DEBUG:root:ParameterType(_elements=(Boolean(),))
│││ DEBUG:root:[<Node type=formal_parameter, start_point=(48, 31), end_point=(48, 40)>]
│││ DEBUG:root:Found method multiError <Range start_point=(46, 2), end_point=(51, 3), start_byte=908, end_byte=1059>
│││ DEBUG:root:line: {
│││ DEBUG:root:line:     assert b;
│││ DEBUG:root:line:     return 1 / 0;
│││ DEBUG:root:line:   }
│││ /Users/chrg/Develop/repos/jpamb/solutions/syntaxer.py:101: DeprecationWarning: query() is deprecated. Use the Query() constructor instead.
│││   assert_q = JAVA_LANGUAGE.query(f"""(assert_statement) @assert""")
│││ DEBUG:root:Found assertion
││└ Stderr
││┌ Stdout
│││ assertion error;80%
││└ Stdout
│└ Run .venv/bin/python3 solutions/syntaxer.py 'jpamb.cases.Simple.multiError:(Z)I'
│┌ Results
││ - assertion error: 80.00% 1.50
│└ Results
│ Score 0.60
└ Case jpamb.cases.Simple.multiError:(Z)I
Total 4.80
